1,1552,93,1,17.0
1,674,75,2,36.0
1,637,38,3,8.0
1,22,48,4,28.0
1,241,23,5,24.0
1,157,10,6,32.0
2,1062,33,1,38.0
3,43,19,1,45.0
3,191,70,2,49.0
3,1285,60,3,27.0
3,294,22,4,2.0
3,1831,61,5,28.0
3,622,16,6,26.0
4,881,81,1,30.0
5,1086,87,1,15.0
5,1240,41,2,26.0
5,376,5,3,50.0
6,1397,36,1,37.0
7,1821,51,1,12.0
7,1453,93,2,9.0
