"Supplier#000000001"," N kD4on9OM Ipw3,gf0JBoQDd7tgrzrddZ","27-918-335-1736","each slyly above the careful"
"Supplier#000000002","89eJ5ksX3ImxJQBvxObC,","15-679-861-2259"," slyly bold instructions. idle dependen"
"Supplier#000000003","q1,G3Pj6OjIuUYfUoH18BFTKP5aU9bEV3","11-383-516-1199","blithely silent requests after the express dependencies are sl"
"Supplier#000000004","Bk7ah4CK8SYQTepEmvMkkgMwg","25-843-787-7479","riously even requests above the exp"
"Supplier#000000005","Gcdm2rJRzl5qlTVzc","21-151-690-3663",". slyly regular pinto bea"
"Supplier#000000006","tQxuVm7s7CnK","24-696-997-4969","final accounts. regular dolphins use against the furiously ironic decoys. "
"Supplier#000000007","s,4TicNGB4uO6PaSqNBUq","33-990-965-2201","s unwind silently furiously regular courts. final requests are deposits. requests wake quietly blit"
"Supplier#000000008","9Sq4bBH2FQEmaFOocY45sRTxo6yuoG","27-498-742-3860","al pinto beans. asymptotes haggl"
"Supplier#000000009","1KhUgZegwM3ua7dsYmekYBsK","20-403-398-8662","s. unusual, even requests along the furiously regular pac"
"Supplier#000000010","Saygah3gYWMp72i PY","34-852-489-8585","ing waters. regular requests ar"
"Supplier#000000011","JfwTs,LZrV, M,9C","28-613-996-1505","y ironic packages. slyly ironic accounts affix furiously; ironically unusual excuses across the flu"
"Supplier#000000012","aLIW  q0HYd","18-179-925-7181","al packages nag alongside of the bold instructions. express, daring accounts"
"Supplier#000000013","HK71HQyWoqRWOX8GI FpgAifW,2PoH","13-727-620-7813","requests engage regularly instructions. furiously special requests ar"
"Supplier#000000014","EXsnO5pTNj4iZRm","25-656-247-5058","l accounts boost. fluffily bold warhorses wake"
"Supplier#000000015","olXVbNBfVzRqgokr1T,Ie","18-453-357-6394"," across the furiously regular platelets wake even deposits. quickly express she"
"Supplier#000000016","YjP5C55zHDXL7LalK27zfQnwejdpin4AMpvh","32-822-502-4215","ously express ideas haggle quickly dugouts? fu"
"Supplier#000000017","c2d,ESHRSkK3WYnxpgw6aOqN0q","29-601-884-9219","eep against the furiously bold ideas. fluffily bold packa"
"Supplier#000000018","PGGVE5PWAMwKDZw ","26-729-551-1115","accounts snooze slyly furiously bold "
"Supplier#000000019","edZT3es,nBFD8lBXTGeTl","34-278-310-2731","refully final foxes across the dogged theodolites sleep slyly abou"
"Supplier#000000020","iybAE,RmTymrZVYaFZva2SH,j","13-715-945-6730","n, ironic ideas would nag blithely about the slyly regular accounts. silent, expr"
