{
    "map_1" : { "f_1" : 1, "f_2" : 2, "f_3" : 3}
}
{
    "map_1" : null
}
{
    "map_1" : { "f_1" : 3, "f_2" : 4, "f_3" : 5}
}
