{
    "list_1" : [1,2,3]
}
{
    "list_1" : null
}
{
    "list_1" : [4,5,6]
}
